// Jest Snapshot v1, https://goo.gl/fbAQLP

exports[`matches snapshot 1`] = `
<DocumentFragment>
  <div
    class="TodoContainer"
  >
    <li />
    <button
      class="todoRemoveBtn"
    >
       X 
    </button>
  </div>
</DocumentFragment>
`;
